// Jest Snapshot v1, https://goo.gl/fbAQLP

exports[`DropDownList Snapshot renders correctly 1`] = `
<div
  className="dropdown-list "
  data-cy="view-by-dropdown"
  id="drop-down-list"
>
  <Dropdown
    className="pd-container"
    navbar={false}
  >
    <DropdownToggle
      className="pd-btn"
    >
      <span
        className="pd-arrow"
      >
        <DownArrow />
      </span>
    </DropdownToggle>
    <DropdownMenu
      align="left"
      alignRight={false}
      flip={true}
    >
      <DropdownItem
        as={
          Object {
            "$$typeof": Symbol(react.forward_ref),
            "displayName": "SafeAnchor",
            "render": [Function],
          }
        }
        data-cy=""
        disabled={false}
        href=""
        key="dropdown-list0"
        onClick={[Function]}
      />
    </DropdownMenu>
  </Dropdown>
</div>
`;
