// Jest Snapshot v1, https://goo.gl/fbAQLP

exports[`SvgIcon Snapshot renders correctly 1`] = `
<svg
  className=""
  data-cy=""
  height="16px"
  icon=""
  size=""
  style={
    Object {
      "display": "inline-block",
      "verticalAlign": "middle",
    }
  }
  viewBox="0 0 24 24"
  width="16px"
  xmlns="http://www.w3.org/2000/svg"
  xmlnsXlink="http://www.w3.org/1999/xlink"
>
  <title />
  <path
    d=""
    fill="#000000"
  />
</svg>
`;
